Category: 📺央视频道, Name: CCTV-1, Total: 80, Valid: 44, Valid Percent: 55.00%, Whitelist: 0, IPv4: 1, IPv6: 79, Min Delay: 0.1 ms, Max Speed: 20.48 M/s, Avg Speed: 0.47 M/s, Max Resolution: 1920x1080
Category: 📺央视频道, Name: CCTV-2, Total: 98, Valid: 68, Valid Percent: 69.39%, Whitelist: 0, IPv4: 0, IPv6: 98, Min Delay: 0.1 ms, Max Speed: 0.00 M/s, Avg Speed: 0.00 M/s, Max Resolution: 1920x1080
Category: 📺央视频道, Name: CCTV-3, Total: 85, Valid: 55, Valid Percent: 64.71%, Whitelist: 0, IPv4: 1, IPv6: 84, Min Delay: 0.1 ms, Max Speed: 19.35 M/s, Avg Speed: 0.35 M/s, Max Resolution: 1920x1080
Category: 📺央视频道, Name: CCTV-4, Total: 114, Valid: 60, Valid Percent: 52.63%, Whitelist: 0, IPv4: 1, IPv6: 113, Min Delay: 0.1 ms, Max Speed: 20.96 M/s, Avg Speed: 0.35 M/s, Max Resolution: 1920x1080
Category: 📺央视频道, Name: CCTV-5, Total: 90, Valid: 38, Valid Percent: 42.22%, Whitelist: 0, IPv4: 1, IPv6: 89, Min Delay: 0.1 ms, Max Speed: 18.42 M/s, Avg Speed: 0.48 M/s, Max Resolution: 1920x1080
Category: 📺央视频道, Name: CCTV-5+, Total: 59, Valid: 41, Valid Percent: 69.49%, Whitelist: 0, IPv4: 0, IPv6: 59, Min Delay: 0.1 ms, Max Speed: 0.00 M/s, Avg Speed: 0.00 M/s, Max Resolution: 1920x1080
Category: 📺央视频道, Name: CCTV-6, Total: 72, Valid: 36, Valid Percent: 50.00%, Whitelist: 0, IPv4: 1, IPv6: 71, Min Delay: 0.1 ms, Max Speed: 20.28 M/s, Avg Speed: 0.56 M/s, Max Resolution: 1920x1080
Category: 📺央视频道, Name: CCTV-7, Total: 90, Valid: 61, Valid Percent: 67.78%, Whitelist: 0, IPv4: 1, IPv6: 89, Min Delay: 0.1 ms, Max Speed: 18.15 M/s, Avg Speed: 0.30 M/s, Max Resolution: 1920x1080
Category: 📺央视频道, Name: CCTV-8, Total: 81, Valid: 47, Valid Percent: 58.02%, Whitelist: 0, IPv4: 0, IPv6: 81, Min Delay: 0.1 ms, Max Speed: 0.00 M/s, Avg Speed: 0.00 M/s, Max Resolution: 1920x1080
Category: 📺央视频道, Name: CCTV-9, Total: 96, Valid: 60, Valid Percent: 62.50%, Whitelist: 0, IPv4: 1, IPv6: 95, Min Delay: 0.1 ms, Max Speed: 7.27 M/s, Avg Speed: 0.12 M/s, Max Resolution: 1920x1080
Category: 📺央视频道, Name: CCTV-10, Total: 89, Valid: 57, Valid Percent: 64.04%, Whitelist: 0, IPv4: 0, IPv6: 89, Min Delay: 0.1 ms, Max Speed: 0.00 M/s, Avg Speed: 0.00 M/s, Max Resolution: 1920x1080
Category: 📺央视频道, Name: CCTV-11, Total: 100, Valid: 66, Valid Percent: 66.00%, Whitelist: 0, IPv4: 0, IPv6: 100, Min Delay: 0.1 ms, Max Speed: 0.00 M/s, Avg Speed: 0.00 M/s, Max Resolution: 1920x1080
Category: 📺央视频道, Name: CCTV-12, Total: 97, Valid: 64, Valid Percent: 65.98%, Whitelist: 0, IPv4: 0, IPv6: 97, Min Delay: 0.1 ms, Max Speed: 0.00 M/s, Avg Speed: 0.00 M/s, Max Resolution: 1920x1080
Category: 📺央视频道, Name: CCTV-13, Total: 73, Valid: 41, Valid Percent: 56.16%, Whitelist: 0, IPv4: 0, IPv6: 73, Min Delay: 0.1 ms, Max Speed: 0.00 M/s, Avg Speed: 0.00 M/s, Max Resolution: 1920x1080
Category: 📺央视频道, Name: CCTV-14, Total: 74, Valid: 38, Valid Percent: 51.35%, Whitelist: 0, IPv4: 0, IPv6: 74, Min Delay: 0.1 ms, Max Speed: 0.00 M/s, Avg Speed: 0.00 M/s, Max Resolution: 1920x1080
Category: 📺央视频道, Name: CCTV-15, Total: 94, Valid: 64, Valid Percent: 68.09%, Whitelist: 0, IPv4: 1, IPv6: 93, Min Delay: 0.1 ms, Max Speed: 18.66 M/s, Avg Speed: 0.29 M/s, Max Resolution: 1920x1080
Category: 📺央视频道, Name: CCTV-16, Total: 40, Valid: 23, Valid Percent: 57.50%, Whitelist: 0, IPv4: 0, IPv6: 40, Min Delay: 0.1 ms, Max Speed: 0.00 M/s, Avg Speed: 0.00 M/s, Max Resolution: 1920x1080
Category: 📺央视频道, Name: CCTV-17, Total: 78, Valid: 44, Valid Percent: 56.41%, Whitelist: 0, IPv4: 0, IPv6: 78, Min Delay: 0.1 ms, Max Speed: 0.00 M/s, Avg Speed: 0.00 M/s, Max Resolution: 1920x1080
Category: 📺央视频道, Name: CETV-1, Total: 47, Valid: 4, Valid Percent: 8.51%, Whitelist: 0, IPv4: 4, IPv6: 43, Min Delay: 461 ms, Max Speed: 0.04 M/s, Avg Speed: 0.02 M/s, Max Resolution: 1920x1080
Category: 📺央视频道, Name: CETV-2, Total: 33, Valid: 0, Valid Percent: 0.00%, Whitelist: 0, IPv4: 0, IPv6: 33, Min Delay: -1 ms, Max Speed: 0.00 M/s, Avg Speed: 0.00 M/s, Max Resolution: None
Category: 📺央视频道, Name: CETV-3, Total: 6, Valid: 0, Valid Percent: 0.00%, Whitelist: 0, IPv4: 0, IPv6: 6, Min Delay: -1 ms, Max Speed: 0.00 M/s, Avg Speed: 0.00 M/s, Max Resolution: None
Category: 📺央视频道, Name: CETV-4, Total: 40, Valid: 2, Valid Percent: 5.00%, Whitelist: 0, IPv4: 2, IPv6: 38, Min Delay: 450 ms, Max Speed: 0.04 M/s, Avg Speed: 0.03 M/s, Max Resolution: None
Category: 💰央视付费频道, Name: 文化精品, Total: 3, Valid: 1, Valid Percent: 33.33%, Whitelist: 0, IPv4: 1, IPv6: 2, Min Delay: 494 ms, Max Speed: 0.02 M/s, Avg Speed: 0.02 M/s, Max Resolution: 1920x1080
Category: 💰央视付费频道, Name: 央视台球, Total: 4, Valid: 1, Valid Percent: 25.00%, Whitelist: 0, IPv4: 0, IPv6: 4, Min Delay: 0.1 ms, Max Speed: 0.00 M/s, Avg Speed: 0.00 M/s, Max Resolution: 1920x1080
Category: 💰央视付费频道, Name: 风云音乐, Total: 4, Valid: 2, Valid Percent: 50.00%, Whitelist: 0, IPv4: 2, IPv6: 2, Min Delay: 167 ms, Max Speed: 19.43 M/s, Avg Speed: 9.72 M/s, Max Resolution: 1920x1080
Category: 💰央视付费频道, Name: 第一剧场, Total: 5, Valid: 0, Valid Percent: 0.00%, Whitelist: 0, IPv4: 0, IPv6: 5, Min Delay: -1 ms, Max Speed: 0.00 M/s, Avg Speed: 0.00 M/s, Max Resolution: None
Category: 💰央视付费频道, Name: 风云剧场, Total: 4, Valid: 1, Valid Percent: 25.00%, Whitelist: 0, IPv4: 1, IPv6: 3, Min Delay: 504 ms, Max Speed: 0.03 M/s, Avg Speed: 0.03 M/s, Max Resolution: None
Category: 💰央视付费频道, Name: 怀旧剧场, Total: 7, Valid: 3, Valid Percent: 42.86%, Whitelist: 0, IPv4: 3, IPv6: 4, Min Delay: 206 ms, Max Speed: 20.65 M/s, Avg Speed: 6.90 M/s, Max Resolution: 1920x1080
Category: 💰央视付费频道, Name: 女性时尚, Total: 2, Valid: 0, Valid Percent: 0.00%, Whitelist: 0, IPv4: 0, IPv6: 2, Min Delay: -1 ms, Max Speed: 0.00 M/s, Avg Speed: 0.00 M/s, Max Resolution: None
Category: 💰央视付费频道, Name: 高尔夫网球, Total: 3, Valid: 1, Valid Percent: 33.33%, Whitelist: 0, IPv4: 1, IPv6: 2, Min Delay: 787 ms, Max Speed: 0.01 M/s, Avg Speed: 0.01 M/s, Max Resolution: None
Category: 💰央视付费频道, Name: 风云足球, Total: 7, Valid: 5, Valid Percent: 71.43%, Whitelist: 0, IPv4: 1, IPv6: 6, Min Delay: 0.1 ms, Max Speed: 21.21 M/s, Avg Speed: 4.24 M/s, Max Resolution: 1920x1080
Category: 💰央视付费频道, Name: 电视指南, Total: 2, Valid: 0, Valid Percent: 0.00%, Whitelist: 0, IPv4: 0, IPv6: 2, Min Delay: -1 ms, Max Speed: 0.00 M/s, Avg Speed: 0.00 M/s, Max Resolution: None
Category: 💰央视付费频道, Name: 世界地理, Total: 2, Valid: 1, Valid Percent: 50.00%, Whitelist: 0, IPv4: 0, IPv6: 2, Min Delay: 0.1 ms, Max Speed: 0.00 M/s, Avg Speed: 0.00 M/s, Max Resolution: 1920x1080
Category: 💰央视付费频道, Name: 兵器科技, Total: 3, Valid: 1, Valid Percent: 33.33%, Whitelist: 0, IPv4: 1, IPv6: 2, Min Delay: 788 ms, Max Speed: 0.01 M/s, Avg Speed: 0.01 M/s, Max Resolution: None
Category: 📡卫视频道, Name: 广东卫视, Total: 82, Valid: 58, Valid Percent: 70.73%, Whitelist: 0, IPv4: 0, IPv6: 82, Min Delay: 0.1 ms, Max Speed: 0.00 M/s, Avg Speed: 0.00 M/s, Max Resolution: 1920x1080
Category: 📡卫视频道, Name: 香港卫视, Total: 13, Valid: 5, Valid Percent: 38.46%, Whitelist: 0, IPv4: 0, IPv6: 13, Min Delay: 0.1 ms, Max Speed: 0.00 M/s, Avg Speed: 0.00 M/s, Max Resolution: 1920x1080
Category: 📡卫视频道, Name: 浙江卫视, Total: 103, Valid: 68, Valid Percent: 66.02%, Whitelist: 0, IPv4: 0, IPv6: 103, Min Delay: 0.1 ms, Max Speed: 0.00 M/s, Avg Speed: 0.00 M/s, Max Resolution: 1920x1080
Category: 📡卫视频道, Name: 湖南卫视, Total: 92, Valid: 61, Valid Percent: 66.30%, Whitelist: 0, IPv4: 5, IPv6: 87, Min Delay: 0.1 ms, Max Speed: 13.34 M/s, Avg Speed: 0.38 M/s, Max Resolution: 1920x1080
Category: 📡卫视频道, Name: 北京卫视, Total: 82, Valid: 56, Valid Percent: 68.29%, Whitelist: 0, IPv4: 4, IPv6: 78, Min Delay: 0.1 ms, Max Speed: 19.71 M/s, Avg Speed: 0.54 M/s, Max Resolution: 1920x1080
Category: 📡卫视频道, Name: 湖北卫视, Total: 100, Valid: 71, Valid Percent: 71.00%, Whitelist: 0, IPv4: 1, IPv6: 99, Min Delay: 0.1 ms, Max Speed: 10.11 M/s, Avg Speed: 0.14 M/s, Max Resolution: 1920x1080
Category: 📡卫视频道, Name: 黑龙江卫视, Total: 70, Valid: 58, Valid Percent: 82.86%, Whitelist: 0, IPv4: 0, IPv6: 70, Min Delay: 0.1 ms, Max Speed: 0.00 M/s, Avg Speed: 0.00 M/s, Max Resolution: 1920x1080
Category: 📡卫视频道, Name: 安徽卫视, Total: 68, Valid: 58, Valid Percent: 85.29%, Whitelist: 0, IPv4: 0, IPv6: 68, Min Delay: 0.1 ms, Max Speed: 0.00 M/s, Avg Speed: 0.00 M/s, Max Resolution: 1920x1080
Category: 📡卫视频道, Name: 重庆卫视, Total: 71, Valid: 56, Valid Percent: 78.87%, Whitelist: 0, IPv4: 1, IPv6: 70, Min Delay: 0.1 ms, Max Speed: 18.90 M/s, Avg Speed: 0.34 M/s, Max Resolution: 1920x1080
Category: 📡卫视频道, Name: 东方卫视, Total: 94, Valid: 61, Valid Percent: 64.89%, Whitelist: 0, IPv4: 2, IPv6: 92, Min Delay: 0.1 ms, Max Speed: 15.86 M/s, Avg Speed: 0.41 M/s, Max Resolution: 1920x1080
Category: 📡卫视频道, Name: 东南卫视, Total: 57, Valid: 41, Valid Percent: 71.93%, Whitelist: 0, IPv4: 0, IPv6: 57, Min Delay: 0.1 ms, Max Speed: 0.00 M/s, Avg Speed: 0.00 M/s, Max Resolution: 1920x1080
Category: 📡卫视频道, Name: 甘肃卫视, Total: 33, Valid: 24, Valid Percent: 72.73%, Whitelist: 0, IPv4: 0, IPv6: 33, Min Delay: 0.1 ms, Max Speed: 0.00 M/s, Avg Speed: 0.00 M/s, Max Resolution: 1920x1080
Category: 📡卫视频道, Name: 广西卫视, Total: 42, Valid: 35, Valid Percent: 83.33%, Whitelist: 0, IPv4: 1, IPv6: 41, Min Delay: 0.1 ms, Max Speed: 14.03 M/s, Avg Speed: 0.40 M/s, Max Resolution: 1920x1080
Category: 📡卫视频道, Name: 贵州卫视, Total: 46, Valid: 34, Valid Percent: 73.91%, Whitelist: 0, IPv4: 0, IPv6: 46, Min Delay: 0.1 ms, Max Speed: 0.00 M/s, Avg Speed: 0.00 M/s, Max Resolution: 1920x1080
Category: 📡卫视频道, Name: 海南卫视, Total: 81, Valid: 38, Valid Percent: 46.91%, Whitelist: 0, IPv4: 1, IPv6: 80, Min Delay: 0.1 ms, Max Speed: 1.14 M/s, Avg Speed: 0.03 M/s, Max Resolution: 1920x1080
Category: 📡卫视频道, Name: 河北卫视, Total: 52, Valid: 41, Valid Percent: 78.85%, Whitelist: 0, IPv4: 0, IPv6: 52, Min Delay: 0.1 ms, Max Speed: 0.00 M/s, Avg Speed: 0.00 M/s, Max Resolution: 1920x1080
Category: 📡卫视频道, Name: 河南卫视, Total: 78, Valid: 51, Valid Percent: 65.38%, Whitelist: 0, IPv4: 2, IPv6: 76, Min Delay: 0.1 ms, Max Speed: 34.83 M/s, Avg Speed: 1.03 M/s, Max Resolution: 1920x1080
Category: 📡卫视频道, Name: 吉林卫视, Total: 82, Valid: 54, Valid Percent: 65.85%, Whitelist: 0, IPv4: 0, IPv6: 82, Min Delay: 0.1 ms, Max Speed: 0.00 M/s, Avg Speed: 0.00 M/s, Max Resolution: 1920x1080
Category: 📡卫视频道, Name: 江苏卫视, Total: 91, Valid: 63, Valid Percent: 69.23%, Whitelist: 0, IPv4: 0, IPv6: 91, Min Delay: 0.1 ms, Max Speed: 0.00 M/s, Avg Speed: 0.00 M/s, Max Resolution: 1920x1080
Category: 📡卫视频道, Name: 江西卫视, Total: 94, Valid: 64, Valid Percent: 68.09%, Whitelist: 0, IPv4: 0, IPv6: 94, Min Delay: 0.1 ms, Max Speed: 0.00 M/s, Avg Speed: 0.00 M/s, Max Resolution: 1920x1080
Category: 📡卫视频道, Name: 辽宁卫视, Total: 70, Valid: 40, Valid Percent: 57.14%, Whitelist: 0, IPv4: 1, IPv6: 69, Min Delay: 0.1 ms, Max Speed: 21.18 M/s, Avg Speed: 0.53 M/s, Max Resolution: 1920x1080
Category: 📡卫视频道, Name: 内蒙古卫视, Total: 45, Valid: 21, Valid Percent: 46.67%, Whitelist: 0, IPv4: 0, IPv6: 45, Min Delay: 0.1 ms, Max Speed: 0.00 M/s, Avg Speed: 0.00 M/s, Max Resolution: 1920x1080
Category: 📡卫视频道, Name: 宁夏卫视, Total: 30, Valid: 20, Valid Percent: 66.67%, Whitelist: 0, IPv4: 0, IPv6: 30, Min Delay: 0.1 ms, Max Speed: 0.00 M/s, Avg Speed: 0.00 M/s, Max Resolution: 1920x1080
Category: 📡卫视频道, Name: 青海卫视, Total: 54, Valid: 26, Valid Percent: 48.15%, Whitelist: 0, IPv4: 0, IPv6: 54, Min Delay: 0.1 ms, Max Speed: 0.00 M/s, Avg Speed: 0.00 M/s, Max Resolution: 1920x1080
Category: 📡卫视频道, Name: 山东卫视, Total: 53, Valid: 42, Valid Percent: 79.25%, Whitelist: 0, IPv4: 1, IPv6: 52, Min Delay: 0.1 ms, Max Speed: 19.39 M/s, Avg Speed: 0.46 M/s, Max Resolution: 1920x1080
Category: 📡卫视频道, Name: 山西卫视, Total: 22, Valid: 13, Valid Percent: 59.09%, Whitelist: 0, IPv4: 1, IPv6: 21, Min Delay: 0.1 ms, Max Speed: 20.98 M/s, Avg Speed: 1.61 M/s, Max Resolution: 1920x1080
Category: 📡卫视频道, Name: 陕西卫视, Total: 51, Valid: 22, Valid Percent: 43.14%, Whitelist: 0, IPv4: 0, IPv6: 51, Min Delay: 0.1 ms, Max Speed: 0.00 M/s, Avg Speed: 0.00 M/s, Max Resolution: 1920x1080
Category: 📡卫视频道, Name: 四川卫视, Total: 41, Valid: 33, Valid Percent: 80.49%, Whitelist: 0, IPv4: 3, IPv6: 38, Min Delay: 0.1 ms, Max Speed: 0.06 M/s, Avg Speed: 0.00 M/s, Max Resolution: 1920x1080
Category: 📡卫视频道, Name: 深圳卫视, Total: 44, Valid: 33, Valid Percent: 75.00%, Whitelist: 0, IPv4: 0, IPv6: 44, Min Delay: 0.1 ms, Max Speed: 0.00 M/s, Avg Speed: 0.00 M/s, Max Resolution: 1920x1080
Category: 📡卫视频道, Name: 三沙卫视, Total: 30, Valid: 11, Valid Percent: 36.67%, Whitelist: 0, IPv4: 0, IPv6: 30, Min Delay: 0.1 ms, Max Speed: 0.00 M/s, Avg Speed: 0.00 M/s, Max Resolution: 1920x1080
Category: 📡卫视频道, Name: 天津卫视, Total: 49, Valid: 40, Valid Percent: 81.63%, Whitelist: 0, IPv4: 0, IPv6: 49, Min Delay: 0.1 ms, Max Speed: 0.00 M/s, Avg Speed: 0.00 M/s, Max Resolution: 1920x1080
Category: 📡卫视频道, Name: 西藏卫视, Total: 34, Valid: 21, Valid Percent: 61.76%, Whitelist: 0, IPv4: 0, IPv6: 34, Min Delay: 0.1 ms, Max Speed: 0.00 M/s, Avg Speed: 0.00 M/s, Max Resolution: 1920x1080
Category: 📡卫视频道, Name: 新疆卫视, Total: 31, Valid: 21, Valid Percent: 67.74%, Whitelist: 0, IPv4: 0, IPv6: 31, Min Delay: 0.1 ms, Max Speed: 0.00 M/s, Avg Speed: 0.00 M/s, Max Resolution: 1920x1080
Category: 📡卫视频道, Name: 云南卫视, Total: 33, Valid: 24, Valid Percent: 72.73%, Whitelist: 0, IPv4: 0, IPv6: 33, Min Delay: 0.1 ms, Max Speed: 0.00 M/s, Avg Speed: 0.00 M/s, Max Resolution: 1920x1080
